// Jest Snapshot v1, https://goo.gl/fbAQLP

exports[`SubscriptionList works for multiple subscriptions active in a channel 1`] = `
Object {
  "attachments": Array [
    Object {
      "color": "#24292f",
      "fallback": "<#C01234> is subscribed to 2 resources",
      "text": "<https://github.com/atom/atom|atom/atom>
<https://github.com/bkeepers/dotenv|bkeepers/dotenv>",
      "title": "<#C01234> is subscribed to",
    },
  ],
  "response_type": "in_channel",
}
`;

exports[`SubscriptionList works for no subscriptions active in a channel 1`] = `
Object {
  "attachments": Array [
    Object {
      "color": "#24292f",
      "fallback": "<#C01234> is subscribed to 0 resources",
      "text": "<#C01234> is subscribed to 0 resources",
    },
  ],
  "response_type": "in_channel",
}
`;

exports[`SubscriptionList works for one subscription active in a channel 1`] = `
Object {
  "attachments": Array [
    Object {
      "color": "#24292f",
      "fallback": "<#C01234> is subscribed to 1 resource",
      "text": "<https://github.com/bkeepers/dotenv|bkeepers/dotenv>",
      "title": "<#C01234> is subscribed to",
    },
  ],
  "response_type": "in_channel",
}
`;

exports[`SubscriptionList works for one subscription active in a direct message 1`] = `
Object {
  "attachments": Array [
    Object {
      "color": "#24292f",
      "fallback": "Subscribed to 1 resource",
      "text": "<https://github.com/bkeepers/dotenv|bkeepers/dotenv>",
      "title": "Subscribed to",
    },
  ],
  "response_type": "in_channel",
}
`;
